<html>
<body>
<pre>
<h1>µVision Build Log</h1>
<h2>Tool Versions:</h2>
IDE-Version: µVision V5.31.0.0
Copyright (C) 2020 ARM Ltd and ARM Germany GmbH. All rights reserved.
License Information: Le Loc, 123, LIC=KRMW3-AKT2R-DYCV3-A2YZC-6HJEJ-UD86X
 
Tool Versions:
Toolchain:       MDK-ARM Plus  Version: 5.31.0.0
Toolchain Path:  C:\Keil_v5\ARM\ARMCC\Bin
C Compiler:      Armcc.exe V5.06 update 6 (build 750)
Assembler:       Armasm.exe V5.06 update 6 (build 750)
Linker/Locator:  ArmLink.exe V5.06 update 6 (build 750)
Library Manager: ArmAr.exe V5.06 update 6 (build 750)
Hex Converter:   FromElf.exe V5.06 update 6 (build 750)
CPU DLL:         SARMCM3.DLL V5.31.0.0
Dialog DLL:      DCM.DLL V1.17.3.0
Target DLL:      STLink\ST-LINKIII-KEIL_SWO.dll V3.0.7.0
Dialog DLL:      TCM.DLL V1.46.0.0
 
<h2>Project:</h2>
E:\EMBEDDED COURSE\rtos\MDK-ARM\rtos.uvprojx
Project File Date:  01/18/2025

<h2>Output:</h2>
*** Using Compiler 'V5.06 update 6 (build 750)', folder: 'C:\Keil_v5\ARM\ARMCC\Bin'
Rebuild target 'rtos'
Note: source file 'C:\Users\Loc\OneDrive\Desktop\HALA\RTOS_course_HALA\osKernel.s' - object file renamed from 'rtos\osKernel.o' to 'rtos\oskernel_1.o'.
assembling osKernel.s...
assembling startup_stm32f446xx.s...
compiling osKernel.c...
C:\Users\Loc\OneDrive\Desktop\HALA\RTOS_course_HALA\oskernel.h(11): warning:  #1-D: last line of file ends without a newline
  void osCooperative_Wait(uint32_t *semaphore);
C:\Users\Loc\OneDrive\Desktop\HALA\RTOS_course_HALA\osKernel.c(103): warning:  #223-D: function "osSchedulerLaunch" declared implicitly
  	osSchedulerLaunch();
C:\Users\Loc\OneDrive\Desktop\HALA\RTOS_course_HALA\osKernel.c: 2 warnings, 0 errors
compiling main.c...
../Core/Inc/oskernel.h(6): warning:  #1-D: last line of file ends without a newline
  void osKernelInit(void);
../Core/Src/main.c(11): warning:  #223-D: function "osSemaphore_Give" declared implicitly
  		osSemaphore_Give(&semaphore2);
../Core/Src/main.c(13): warning:  #223-D: function "osCooperative_Wait" declared implicitly
  		osCooperative_Wait(&semaphore1);
../Core/Src/main.c(21): warning:  #223-D: function "osCooperative_Wait" declared implicitly
  		osCooperative_Wait(&semaphore2);
../Core/Src/main.c(23): warning:  #223-D: function "osSemaphore_Give" declared implicitly
  		osSemaphore_Give(&semaphore1);
../Core/Src/main.c(39): warning:  #223-D: function "osSemaphore_Init" declared implicitly
  	osSemaphore_Init(&semaphore1, 1);
../Core/Src/main.c: 6 warnings, 0 errors
compiling system_stm32f4xx.c...
linking...
Program Size: Code=900 RO-data=484 RW-data=28 ZI-data=2860  
FromELF: creating hex file...
"rtos\rtos.axf" - 0 Error(s), 8 Warning(s).

<h2>Software Packages used:</h2>

Package Vendor: ARM
                https://www.keil.com/pack/ARM.CMSIS.6.1.0.pack
                ARM.CMSIS.6.1.0
                CMSIS (Common Microcontroller Software Interface Standard)
   * Component: CORE Version: 6.1.0

Package Vendor: Keil
                https://www.keil.com/pack/Keil.STM32F4xx_DFP.3.0.0.pack
                Keil.STM32F4xx_DFP.3.0.0
                STMicroelectronics STM32F4 Series Device Support

<h2>Collection of Component include folders:</h2>
  .\RTE\_rtos
  C:\Users\Loc\AppData\Local\Arm\Packs\ARM\CMSIS\6.1.0\CMSIS\Core\Include

<h2>Collection of Component Files used:</h2>

   * Component: ARM::CMSIS:CORE:6.1.0
      Include file:  CMSIS\Core\Include\tz_context.h
Build Time Elapsed:  00:00:01
</pre>
</body>
</html>
